[config] TensorFlow 2.16.2
[config] Physical devices: CPU (/physical_device:CPU:0), GPU (/physical_device:GPU:0)
[config] Seed = 42  (python random, numpy, tensorflow)
Saved artifact at '/var/folders/6h/fw3m82vd3_dcft0kr6flvfsm0000gn/T/flood_savedmodel__8rg0wq9'. The following endpoints are available:

* Endpoint 'serve'
  images (POSITIONAL_OR_KEYWORD): TensorSpec(shape=(1, 224, 224, 3), dtype=tf.float32, name=None)
Output Type:
  TensorSpec(shape=(1, 1), dtype=tf.float32, name=None)
Captures:
  5665249536: TensorSpec(shape=(), dtype=tf.resource, name=None)
  5665249888: TensorSpec(shape=(), dtype=tf.resource, name=None)
  5665249712: TensorSpec(shape=(), dtype=tf.resource, name=None)
  5665250416: TensorSpec(shape=(), dtype=tf.resource, name=None)
  5665249008: TensorSpec(shape=(), dtype=tf.resource, name=None)
  5665251120: TensorSpec(shape=(), dtype=tf.resource, name=None)
  5665251824: TensorSpec(shape=(), dtype=tf.resource, name=None)
  5665251648: TensorSpec(shape=(), dtype=tf.resource, name=None)
  5665252000: TensorSpec(shape=(), dtype=tf.resource, name=None)
  5665250944: TensorSpec(shape=(), dtype=tf.resource, name=None)
  5665251296: TensorSpec(shape=(), dtype=tf.resource, name=None)
  5665252704: TensorSpec(shape=(), dtype=tf.resource, name=None)
  5665252528: TensorSpec(shape=(), dtype=tf.resource, name=None)
  5665252880: TensorSpec(shape=(), dtype=tf.resource, name=None)
  5665250768: TensorSpec(shape=(), dtype=tf.resource, name=None)
  5665253056: TensorSpec(shape=(), dtype=tf.resource, name=None)
  5665253408: TensorSpec(shape=(), dtype=tf.resource, name=None)
  5665253232: TensorSpec(shape=(), dtype=tf.resource, name=None)
  5665253936: TensorSpec(shape=(), dtype=tf.resource, name=None)
  5665253584: TensorSpec(shape=(), dtype=tf.resource, name=None)
  5665254464: TensorSpec(shape=(), dtype=tf.resource, name=None)
  5665255168: TensorSpec(shape=(), dtype=tf.resource, name=None)
  5665254992: TensorSpec(shape=(), dtype=tf.resource, name=None)
  5665255344: TensorSpec(shape=(), dtype=tf.resource, name=None)
  5665254288: TensorSpec(shape=(), dtype=tf.resource, name=None)
  5665254640: TensorSpec(shape=(), dtype=tf.resource, name=None)
  5665255696: TensorSpec(shape=(), dtype=tf.resource, name=None)
  5665255520: TensorSpec(shape=(), dtype=tf.resource, name=None)
  5665256224: TensorSpec(shape=(), dtype=tf.resource, name=None)
  5665255872: TensorSpec(shape=(), dtype=tf.resource, name=None)
  5665256576: TensorSpec(shape=(), dtype=tf.resource, name=None)
  5665257280: TensorSpec(shape=(), dtype=tf.resource, name=None)
  5665257104: TensorSpec(shape=(), dtype=tf.resource, name=None)
  5665257456: TensorSpec(shape=(), dtype=tf.resource, name=None)
  5665256048: TensorSpec(shape=(), dtype=tf.resource, name=None)
  5665256752: TensorSpec(shape=(), dtype=tf.resource, name=None)
  5665258160: TensorSpec(shape=(), dtype=tf.resource, name=None)
  5665257984: TensorSpec(shape=(), dtype=tf.resource, name=None)
  5665258336: TensorSpec(shape=(), dtype=tf.resource, name=None)
  5665256400: TensorSpec(shape=(), dtype=tf.resource, name=None)
  5665257632: TensorSpec(shape=(), dtype=tf.resource, name=None)
  5665259040: TensorSpec(shape=(), dtype=tf.resource, name=None)
  5665258864: TensorSpec(shape=(), dtype=tf.resource, name=None)
  5665259216: TensorSpec(shape=(), dtype=tf.resource, name=None)
  5665256928: TensorSpec(shape=(), dtype=tf.resource, name=None)
  5665258512: TensorSpec(shape=(), dtype=tf.resource, name=None)
  5832016112: TensorSpec(shape=(), dtype=tf.resource, name=None)
  5832016288: TensorSpec(shape=(), dtype=tf.resource, name=None)
  5665258688: TensorSpec(shape=(), dtype=tf.resource, name=None)
  5665257808: TensorSpec(shape=(), dtype=tf.resource, name=None)
  5832016816: TensorSpec(shape=(), dtype=tf.resource, name=None)
  5832017520: TensorSpec(shape=(), dtype=tf.resource, name=None)
  5832017344: TensorSpec(shape=(), dtype=tf.resource, name=None)
  5832017696: TensorSpec(shape=(), dtype=tf.resource, name=None)
  5832016640: TensorSpec(shape=(), dtype=tf.resource, name=None)
  5832017872: TensorSpec(shape=(), dtype=tf.resource, name=None)
  5832018576: TensorSpec(shape=(), dtype=tf.resource, name=None)
  5832018400: TensorSpec(shape=(), dtype=tf.resource, name=None)
  5832018752: TensorSpec(shape=(), dtype=tf.resource, name=None)
  5832015936: TensorSpec(shape=(), dtype=tf.resource, name=None)
  5832018048: TensorSpec(shape=(), dtype=tf.resource, name=None)
  5832019456: TensorSpec(shape=(), dtype=tf.resource, name=None)
  5832019280: TensorSpec(shape=(), dtype=tf.resource, name=None)
  5832019632: TensorSpec(shape=(), dtype=tf.resource, name=None)
  5832017168: TensorSpec(shape=(), dtype=tf.resource, name=None)
  5832018928: TensorSpec(shape=(), dtype=tf.resource, name=None)
  5832020336: TensorSpec(shape=(), dtype=tf.resource, name=None)
  5832020160: TensorSpec(shape=(), dtype=tf.resource, name=None)
  5832020512: TensorSpec(shape=(), dtype=tf.resource, name=None)
  5832018224: TensorSpec(shape=(), dtype=tf.resource, name=None)
  5832019808: TensorSpec(shape=(), dtype=tf.resource, name=None)
  5832021216: TensorSpec(shape=(), dtype=tf.resource, name=None)
  5832021040: TensorSpec(shape=(), dtype=tf.resource, name=None)
  5832021392: TensorSpec(shape=(), dtype=tf.resource, name=None)
  5832019104: TensorSpec(shape=(), dtype=tf.resource, name=None)
  5832020688: TensorSpec(shape=(), dtype=tf.resource, name=None)
  5832022096: TensorSpec(shape=(), dtype=tf.resource, name=None)
  5832021920: TensorSpec(shape=(), dtype=tf.resource, name=None)
  5832022272: TensorSpec(shape=(), dtype=tf.resource, name=None)
  5832019984: TensorSpec(shape=(), dtype=tf.resource, name=None)
  5832021568: TensorSpec(shape=(), dtype=tf.resource, name=None)
  5832022976: TensorSpec(shape=(), dtype=tf.resource, name=None)
  5832022800: TensorSpec(shape=(), dtype=tf.resource, name=None)
  5832023152: TensorSpec(shape=(), dtype=tf.resource, name=None)
  5832020864: TensorSpec(shape=(), dtype=tf.resource, name=None)
  5832022448: TensorSpec(shape=(), dtype=tf.resource, name=None)
  5832023856: TensorSpec(shape=(), dtype=tf.resource, name=None)
  5832023680: TensorSpec(shape=(), dtype=tf.resource, name=None)
  5832024032: TensorSpec(shape=(), dtype=tf.resource, name=None)
  5832021744: TensorSpec(shape=(), dtype=tf.resource, name=None)
  5832023328: TensorSpec(shape=(), dtype=tf.resource, name=None)
  5832024736: TensorSpec(shape=(), dtype=tf.resource, name=None)
  5832024560: TensorSpec(shape=(), dtype=tf.resource, name=None)
  5832024912: TensorSpec(shape=(), dtype=tf.resource, name=None)
  5832022624: TensorSpec(shape=(), dtype=tf.resource, name=None)
  5832024208: TensorSpec(shape=(), dtype=tf.resource, name=None)
  5832025616: TensorSpec(shape=(), dtype=tf.resource, name=None)
  5832025440: TensorSpec(shape=(), dtype=tf.resource, name=None)
  5832025792: TensorSpec(shape=(), dtype=tf.resource, name=None)
  5832023504: TensorSpec(shape=(), dtype=tf.resource, name=None)
  5832025088: TensorSpec(shape=(), dtype=tf.resource, name=None)
  5832026496: TensorSpec(shape=(), dtype=tf.resource, name=None)
  5832026320: TensorSpec(shape=(), dtype=tf.resource, name=None)
  5832026672: TensorSpec(shape=(), dtype=tf.resource, name=None)
  5832024384: TensorSpec(shape=(), dtype=tf.resource, name=None)
  5832025968: TensorSpec(shape=(), dtype=tf.resource, name=None)
  5832027376: TensorSpec(shape=(), dtype=tf.resource, name=None)
  5832027200: TensorSpec(shape=(), dtype=tf.resource, name=None)
  5832027552: TensorSpec(shape=(), dtype=tf.resource, name=None)
  5832025264: TensorSpec(shape=(), dtype=tf.resource, name=None)
  5832026848: TensorSpec(shape=(), dtype=tf.resource, name=None)
  5832028256: TensorSpec(shape=(), dtype=tf.resource, name=None)
  5832028080: TensorSpec(shape=(), dtype=tf.resource, name=None)
  5832028432: TensorSpec(shape=(), dtype=tf.resource, name=None)
  5832026144: TensorSpec(shape=(), dtype=tf.resource, name=None)
  5832027728: TensorSpec(shape=(), dtype=tf.resource, name=None)
  5832029136: TensorSpec(shape=(), dtype=tf.resource, name=None)
  5832028960: TensorSpec(shape=(), dtype=tf.resource, name=None)
  5832029312: TensorSpec(shape=(), dtype=tf.resource, name=None)
  5832027024: TensorSpec(shape=(), dtype=tf.resource, name=None)
  5832028608: TensorSpec(shape=(), dtype=tf.resource, name=None)
  5832030016: TensorSpec(shape=(), dtype=tf.resource, name=None)
  5832029840: TensorSpec(shape=(), dtype=tf.resource, name=None)
  5832030192: TensorSpec(shape=(), dtype=tf.resource, name=None)
  5832027904: TensorSpec(shape=(), dtype=tf.resource, name=None)
  5832029488: TensorSpec(shape=(), dtype=tf.resource, name=None)
  5832030896: TensorSpec(shape=(), dtype=tf.resource, name=None)
  5832030720: TensorSpec(shape=(), dtype=tf.resource, name=None)
  5832031072: TensorSpec(shape=(), dtype=tf.resource, name=None)
  5832028784: TensorSpec(shape=(), dtype=tf.resource, name=None)
  5832030368: TensorSpec(shape=(), dtype=tf.resource, name=None)
  5832031776: TensorSpec(shape=(), dtype=tf.resource, name=None)
  5832031600: TensorSpec(shape=(), dtype=tf.resource, name=None)
  5832031952: TensorSpec(shape=(), dtype=tf.resource, name=None)
  5832029664: TensorSpec(shape=(), dtype=tf.resource, name=None)
  5832031248: TensorSpec(shape=(), dtype=tf.resource, name=None)
  5835178048: TensorSpec(shape=(), dtype=tf.resource, name=None)
  5835178400: TensorSpec(shape=(), dtype=tf.resource, name=None)
  5832031424: TensorSpec(shape=(), dtype=tf.resource, name=None)
  5832030544: TensorSpec(shape=(), dtype=tf.resource, name=None)
  5835178752: TensorSpec(shape=(), dtype=tf.resource, name=None)
  5835179456: TensorSpec(shape=(), dtype=tf.resource, name=None)
  5835179280: TensorSpec(shape=(), dtype=tf.resource, name=None)
  5835179632: TensorSpec(shape=(), dtype=tf.resource, name=None)
  5835178224: TensorSpec(shape=(), dtype=tf.resource, name=None)
  5835178928: TensorSpec(shape=(), dtype=tf.resource, name=None)
  5835180336: TensorSpec(shape=(), dtype=tf.resource, name=None)
  5835180160: TensorSpec(shape=(), dtype=tf.resource, name=None)
  5835180512: TensorSpec(shape=(), dtype=tf.resource, name=None)
  5835178576: TensorSpec(shape=(), dtype=tf.resource, name=None)
  5835179808: TensorSpec(shape=(), dtype=tf.resource, name=None)
  5835181216: TensorSpec(shape=(), dtype=tf.resource, name=None)
  5835181040: TensorSpec(shape=(), dtype=tf.resource, name=None)
  5835181392: TensorSpec(shape=(), dtype=tf.resource, name=None)
  5835179104: TensorSpec(shape=(), dtype=tf.resource, name=None)
  5835180688: TensorSpec(shape=(), dtype=tf.resource, name=None)
  5835182096: TensorSpec(shape=(), dtype=tf.resource, name=None)
  5835181920: TensorSpec(shape=(), dtype=tf.resource, name=None)
  5835182272: TensorSpec(shape=(), dtype=tf.resource, name=None)
  5835179984: TensorSpec(shape=(), dtype=tf.resource, name=None)
  5835181568: TensorSpec(shape=(), dtype=tf.resource, name=None)
  5835182976: TensorSpec(shape=(), dtype=tf.resource, name=None)
  5835182800: TensorSpec(shape=(), dtype=tf.resource, name=None)
  5835183152: TensorSpec(shape=(), dtype=tf.resource, name=None)
  5835180864: TensorSpec(shape=(), dtype=tf.resource, name=None)
  5835182448: TensorSpec(shape=(), dtype=tf.resource, name=None)
  5835183856: TensorSpec(shape=(), dtype=tf.resource, name=None)
  5835183680: TensorSpec(shape=(), dtype=tf.resource, name=None)
  5835184032: TensorSpec(shape=(), dtype=tf.resource, name=None)
  5835181744: TensorSpec(shape=(), dtype=tf.resource, name=None)
  5835183328: TensorSpec(shape=(), dtype=tf.resource, name=None)
  5835184736: TensorSpec(shape=(), dtype=tf.resource, name=None)
  5835184560: TensorSpec(shape=(), dtype=tf.resource, name=None)
  5835184912: TensorSpec(shape=(), dtype=tf.resource, name=None)
  5835182624: TensorSpec(shape=(), dtype=tf.resource, name=None)
  5835184208: TensorSpec(shape=(), dtype=tf.resource, name=None)
  5835185616: TensorSpec(shape=(), dtype=tf.resource, name=None)
  5835185440: TensorSpec(shape=(), dtype=tf.resource, name=None)
  5835185792: TensorSpec(shape=(), dtype=tf.resource, name=None)
  5835183504: TensorSpec(shape=(), dtype=tf.resource, name=None)
  5835185088: TensorSpec(shape=(), dtype=tf.resource, name=None)
  5835186496: TensorSpec(shape=(), dtype=tf.resource, name=None)
  5835186320: TensorSpec(shape=(), dtype=tf.resource, name=None)
  5835186672: TensorSpec(shape=(), dtype=tf.resource, name=None)
  5835184384: TensorSpec(shape=(), dtype=tf.resource, name=None)
  5835185968: TensorSpec(shape=(), dtype=tf.resource, name=None)
  5835187376: TensorSpec(shape=(), dtype=tf.resource, name=None)
  5835187200: TensorSpec(shape=(), dtype=tf.resource, name=None)
  5835187552: TensorSpec(shape=(), dtype=tf.resource, name=None)
  5835185264: TensorSpec(shape=(), dtype=tf.resource, name=None)
  5835186848: TensorSpec(shape=(), dtype=tf.resource, name=None)
  5835188256: TensorSpec(shape=(), dtype=tf.resource, name=None)
  5835188080: TensorSpec(shape=(), dtype=tf.resource, name=None)
  5835188432: TensorSpec(shape=(), dtype=tf.resource, name=None)
  5835186144: TensorSpec(shape=(), dtype=tf.resource, name=None)
  5835187728: TensorSpec(shape=(), dtype=tf.resource, name=None)
  5835189136: TensorSpec(shape=(), dtype=tf.resource, name=None)
  5835188960: TensorSpec(shape=(), dtype=tf.resource, name=None)
  5835189312: TensorSpec(shape=(), dtype=tf.resource, name=None)
  5835187024: TensorSpec(shape=(), dtype=tf.resource, name=None)
  5835188608: TensorSpec(shape=(), dtype=tf.resource, name=None)
  5835190016: TensorSpec(shape=(), dtype=tf.resource, name=None)
  5835189840: TensorSpec(shape=(), dtype=tf.resource, name=None)
  5835190192: TensorSpec(shape=(), dtype=tf.resource, name=None)
  5835187904: TensorSpec(shape=(), dtype=tf.resource, name=None)
  5835189488: TensorSpec(shape=(), dtype=tf.resource, name=None)
  5835190896: TensorSpec(shape=(), dtype=tf.resource, name=None)
  5835190720: TensorSpec(shape=(), dtype=tf.resource, name=None)
  5835191072: TensorSpec(shape=(), dtype=tf.resource, name=None)
  5835188784: TensorSpec(shape=(), dtype=tf.resource, name=None)
  5835190368: TensorSpec(shape=(), dtype=tf.resource, name=None)
  5835191776: TensorSpec(shape=(), dtype=tf.resource, name=None)
  5835191600: TensorSpec(shape=(), dtype=tf.resource, name=None)
  5835191952: TensorSpec(shape=(), dtype=tf.resource, name=None)
  5835189664: TensorSpec(shape=(), dtype=tf.resource, name=None)
  5835191248: TensorSpec(shape=(), dtype=tf.resource, name=None)
  5835192656: TensorSpec(shape=(), dtype=tf.resource, name=None)
  5835192480: TensorSpec(shape=(), dtype=tf.resource, name=None)
  5835192832: TensorSpec(shape=(), dtype=tf.resource, name=None)
  5835190544: TensorSpec(shape=(), dtype=tf.resource, name=None)
  5835192128: TensorSpec(shape=(), dtype=tf.resource, name=None)
  5835193536: TensorSpec(shape=(), dtype=tf.resource, name=None)
  5835193360: TensorSpec(shape=(), dtype=tf.resource, name=None)
  5835193712: TensorSpec(shape=(), dtype=tf.resource, name=None)
  5835191424: TensorSpec(shape=(), dtype=tf.resource, name=None)
  5835193008: TensorSpec(shape=(), dtype=tf.resource, name=None)
  5835193888: TensorSpec(shape=(), dtype=tf.resource, name=None)
  5835192304: TensorSpec(shape=(), dtype=tf.resource, name=None)
  5835193184: TensorSpec(shape=(), dtype=tf.resource, name=None)
  5835194064: TensorSpec(shape=(), dtype=tf.resource, name=None)
  5836194208: TensorSpec(shape=(), dtype=tf.resource, name=None)
  5836194912: TensorSpec(shape=(), dtype=tf.resource, name=None)
  5836194736: TensorSpec(shape=(), dtype=tf.resource, name=None)
  5836195088: TensorSpec(shape=(), dtype=tf.resource, name=None)
  5836193856: TensorSpec(shape=(), dtype=tf.resource, name=None)
  5836194384: TensorSpec(shape=(), dtype=tf.resource, name=None)
  5836195792: TensorSpec(shape=(), dtype=tf.resource, name=None)
  5836195616: TensorSpec(shape=(), dtype=tf.resource, name=None)
  5836195968: TensorSpec(shape=(), dtype=tf.resource, name=None)
  5836194032: TensorSpec(shape=(), dtype=tf.resource, name=None)
  5836195264: TensorSpec(shape=(), dtype=tf.resource, name=None)
  5836196672: TensorSpec(shape=(), dtype=tf.resource, name=None)
  5836196496: TensorSpec(shape=(), dtype=tf.resource, name=None)
  5836196848: TensorSpec(shape=(), dtype=tf.resource, name=None)
  5836194560: TensorSpec(shape=(), dtype=tf.resource, name=None)
  5836196144: TensorSpec(shape=(), dtype=tf.resource, name=None)
  5836197552: TensorSpec(shape=(), dtype=tf.resource, name=None)
  5836197376: TensorSpec(shape=(), dtype=tf.resource, name=None)
  5836197728: TensorSpec(shape=(), dtype=tf.resource, name=None)
  5836195440: TensorSpec(shape=(), dtype=tf.resource, name=None)
  5836197024: TensorSpec(shape=(), dtype=tf.resource, name=None)
  5836198432: TensorSpec(shape=(), dtype=tf.resource, name=None)
  5836198256: TensorSpec(shape=(), dtype=tf.resource, name=None)
  5836198608: TensorSpec(shape=(), dtype=tf.resource, name=None)
  5836196320: TensorSpec(shape=(), dtype=tf.resource, name=None)
  5836197904: TensorSpec(shape=(), dtype=tf.resource, name=None)
  5836199312: TensorSpec(shape=(), dtype=tf.resource, name=None)
  5836199136: TensorSpec(shape=(), dtype=tf.resource, name=None)
  5836199488: TensorSpec(shape=(), dtype=tf.resource, name=None)
  5836197200: TensorSpec(shape=(), dtype=tf.resource, name=None)
  5836199664: TensorSpec(shape=(), dtype=tf.resource, name=None)
  5836200544: TensorSpec(shape=(), dtype=tf.resource, name=None)
  5836200192: TensorSpec(shape=(), dtype=tf.resource, name=None)
  5836201072: TensorSpec(shape=(), dtype=tf.resource, name=None)
WARNING: All log messages before absl::InitializeLog() is called are written to STDERR
W0000 00:00:1791126897.622164  545888 tf_tfl_flatbuffer_helpers.cc:390] Ignored output_format.
W0000 00:00:1791126897.622718  545888 tf_tfl_flatbuffer_helpers.cc:393] Ignored drop_control_dependency.
W0000 00:00:1791126899.101670  545888 tf_tfl_flatbuffer_helpers.cc:390] Ignored output_format.
W0000 00:00:1791126899.101708  545888 tf_tfl_flatbuffer_helpers.cc:393] Ignored drop_control_dependency.
INFO: Created TensorFlow Lite XNNPACK delegate for CPU.

File                                       Size (MB)      Latency (ms)  Device     max |dP| vs Keras  same decision @0.5    @0.30
models/flood_mobilenetv2.keras                  9.81      14.13 ± 0.98  Metal GPU             0.0000              100.0%   100.0%
models/flood_mobilenetv2.tflite                 2.54       4.39 ± 0.03  CPU                   0.2374              100.0%    99.1%
models/flood_mobilenetv2_fp16.tflite            4.57       7.34 ± 0.03  CPU                   0.0327              100.0%   100.0%
  Keras (.keras)                   test at 0.30: precision 0.865, recall 0.987 (FP 12, FN 1); decisions changed vs Keras: 0
  TFLite, default optimisations    test at 0.30: precision 0.885, recall 0.987 (FP 10, FN 1); decisions changed vs Keras: 2
  TFLite, float16                  test at 0.30: precision 0.865, recall 0.987 (FP 12, FN 1); decisions changed vs Keras: 0

Latency: mean ± std of 50 single-image runs after 5 warm-up runs. Agreement measured on all 228 test images against Keras on the CPU.
[export] Saved reports/export_benchmark.json
