2026-10-04 20:23:19.707987: W tensorflow/core/framework/local_rendezvous.cc:404] Local rendezvous is aborting with status: OUT_OF_RANGE: End of sequence
2026-10-04 20:23:19.778248: W tensorflow/core/framework/local_rendezvous.cc:404] Local rendezvous is aborting with status: OUT_OF_RANGE: End of sequence
[config] TensorFlow 2.16.2
[config] Physical devices: CPU (/physical_device:CPU:0), GPU (/physical_device:GPU:0)
[config] Seed = 42  (python random, numpy, tensorflow)
[audit] data audited 2026-10-04T19:59:59 (1525 images): verdict FAIL (reported, not enforced)
[audit]   content-free score, whole image squashed to 224x224 (as in the earlier audits): 68.1% (chance 50%, a lower bound)
[audit]   content-free score, centred 3:4-4:3 crop, then 224x224 (what the model receives): 69.5% (chance 50%, a lower bound)
[audit]   [FAIL] 53% of images sit in single-class size blocks; dimensions alone score 56% balanced accuracy.
[config] Seed = 42  (python random, numpy, tensorflow)
[data] train: 1068 files belonging to 2 classes
[data] val: 229 files belonging to 2 classes
[data] test: 228 files belonging to 2 classes

[data] Class mapping: no_flood -> 0, flood -> 1   (positive class: flood = 1)
[data] Images per split:  no_flood  flood  total
[data]   train                 700    368   1068
[data]   val                   150     79    229
[data]   test                  150     78    228
[data] One train batch: images (32, 224, 224, 3) float32, labels (32, 1) float32
[data]   pixel range 0.0 .. 255.0 (raw 0..255 - preprocess_input runs inside the model)
[data]   labels: 19 no_flood, 13 flood
[data] val: order and labels match the folders (150 files from no_flood/ -> 0, then 79 from flood/ -> 1)
[data] test: order and labels match the folders (150 files from no_flood/ -> 0, then 78 from flood/ -> 1)
[train] Class weights: no_flood (0) = 0.763, flood (1) = 1.451
[train] Saved reports/sample_batch.png - check the labels before trusting any result
[model] Device check passed: GPU graph mode matches the CPU reference (max difference 2.1e-06 on 32 images)

[model] 161 layers, 2,422,081 parameters, 164,097 trainable (the new head only); 'Conv_1' is reachable for Grad-CAM

=== Seed 42 - Variant A - frozen backbone: up to 15 epochs, LR 0.001 ===
Epoch 1/15

Epoch 1: val_auc improved from None to 0.98730, saving model to /Users/blackheart/Projects/Projects /Department Project /DP Mini-Project /models/seed_42/best_model.keras

Epoch 1: finished saving model to /Users/blackheart/Projects/Projects /Department Project /DP Mini-Project /models/seed_42/best_model.keras
34/34 - 9s - 266ms/step - accuracy: 0.8586 - auc: 0.9371 - loss: 0.3220 - precision: 0.7640 - recall: 0.8533 - val_accuracy: 0.9170 - val_auc: 0.9873 - val_loss: 0.1680 - val_precision: 0.8333 - val_recall: 0.9494 - learning_rate: 0.0010
Epoch 2/15

Epoch 2: val_auc improved from 0.98730 to 0.99228, saving model to /Users/blackheart/Projects/Projects /Department Project /DP Mini-Project /models/seed_42/best_model.keras

Epoch 2: finished saving model to /Users/blackheart/Projects/Projects /Department Project /DP Mini-Project /models/seed_42/best_model.keras
34/34 - 5s - 144ms/step - accuracy: 0.9410 - auc: 0.9823 - loss: 0.1655 - precision: 0.8920 - recall: 0.9429 - val_accuracy: 0.9301 - val_auc: 0.9923 - val_loss: 0.1344 - val_precision: 0.8539 - val_recall: 0.9620 - learning_rate: 0.0010
Epoch 3/15

Epoch 3: val_auc improved from 0.99228 to 0.99620, saving model to /Users/blackheart/Projects/Projects /Department Project /DP Mini-Project /models/seed_42/best_model.keras

Epoch 3: finished saving model to /Users/blackheart/Projects/Projects /Department Project /DP Mini-Project /models/seed_42/best_model.keras
34/34 - 5s - 138ms/step - accuracy: 0.9335 - auc: 0.9841 - loss: 0.1633 - precision: 0.8837 - recall: 0.9293 - val_accuracy: 0.8821 - val_auc: 0.9962 - val_loss: 0.2550 - val_precision: 0.7453 - val_recall: 1.0000 - learning_rate: 0.0010
Epoch 4/15

Epoch 4: val_auc did not improve from 0.99620
34/34 - 5s - 135ms/step - accuracy: 0.9448 - auc: 0.9868 - loss: 0.1414 - precision: 0.8951 - recall: 0.9511 - val_accuracy: 0.9563 - val_auc: 0.9960 - val_loss: 0.1010 - val_precision: 0.9059 - val_recall: 0.9747 - learning_rate: 0.0010
Epoch 5/15

Epoch 5: val_auc did not improve from 0.99620
34/34 - 5s - 134ms/step - accuracy: 0.9560 - auc: 0.9910 - loss: 0.1205 - precision: 0.9303 - recall: 0.9429 - val_accuracy: 0.9301 - val_auc: 0.9945 - val_loss: 0.1485 - val_precision: 0.8387 - val_recall: 0.9873 - learning_rate: 0.0010
Epoch 6/15

Epoch 6: val_auc did not improve from 0.99620
34/34 - 5s - 132ms/step - accuracy: 0.9541 - auc: 0.9909 - loss: 0.1176 - precision: 0.9231 - recall: 0.9457 - val_accuracy: 0.9694 - val_auc: 0.9940 - val_loss: 0.1033 - val_precision: 0.9500 - val_recall: 0.9620 - learning_rate: 0.0010
Epoch 7/15

Epoch 7: ReduceLROnPlateau reducing learning rate to 0.0005000000237487257.

Epoch 7: val_auc did not improve from 0.99620
34/34 - 4s - 128ms/step - accuracy: 0.9654 - auc: 0.9935 - loss: 0.0978 - precision: 0.9344 - recall: 0.9674 - val_accuracy: 0.9127 - val_auc: 0.9932 - val_loss: 0.1818 - val_precision: 0.8041 - val_recall: 0.9873 - learning_rate: 0.0010
Epoch 8/15

Epoch 8: val_auc did not improve from 0.99620
34/34 - 4s - 128ms/step - accuracy: 0.9551 - auc: 0.9928 - loss: 0.1132 - precision: 0.9167 - recall: 0.9565 - val_accuracy: 0.9607 - val_auc: 0.9941 - val_loss: 0.0916 - val_precision: 0.9605 - val_recall: 0.9241 - learning_rate: 5.0000e-04
Epoch 8: early stopping
Restoring model weights from the end of the best epoch: 3.

=== Seed 42 - Variant B - fine-tuning from 'block_13_expand': up to 15 more epochs, LR 1e-05 ===
[model] Unfroze 25 layers from 'block_13_expand' onward (13 of them hold weights); 13 BatchNorm layers kept frozen.
[model] Trainable parameters: 164,097 -> 1,827,457
Epoch 9/23

Epoch 9: val_auc did not improve from 0.99620
34/34 - 11s - 314ms/step - accuracy: 0.9522 - auc: 0.9874 - loss: 0.1401 - precision: 0.9138 - recall: 0.9511 - val_accuracy: 0.9694 - val_auc: 0.9953 - val_loss: 0.0900 - val_precision: 0.9500 - val_recall: 0.9620 - learning_rate: 1.0000e-05
Epoch 10/23

Epoch 10: val_auc did not improve from 0.99620
34/34 - 6s - 178ms/step - accuracy: 0.9700 - auc: 0.9939 - loss: 0.0945 - precision: 0.9468 - recall: 0.9674 - val_accuracy: 0.9694 - val_auc: 0.9960 - val_loss: 0.0788 - val_precision: 0.9737 - val_recall: 0.9367 - learning_rate: 1.0000e-05
Epoch 11/23

Epoch 11: val_auc improved from 0.99620 to 0.99717, saving model to /Users/blackheart/Projects/Projects /Department Project /DP Mini-Project /models/seed_42/best_model.keras

Epoch 11: finished saving model to /Users/blackheart/Projects/Projects /Department Project /DP Mini-Project /models/seed_42/best_model.keras
34/34 - 8s - 232ms/step - accuracy: 0.9691 - auc: 0.9932 - loss: 0.0952 - precision: 0.9443 - recall: 0.9674 - val_accuracy: 0.9520 - val_auc: 0.9972 - val_loss: 0.1019 - val_precision: 0.8953 - val_recall: 0.9747 - learning_rate: 1.0000e-05
Epoch 12/23

Epoch 12: val_auc improved from 0.99717 to 0.99776, saving model to /Users/blackheart/Projects/Projects /Department Project /DP Mini-Project /models/seed_42/best_model.keras

Epoch 12: finished saving model to /Users/blackheart/Projects/Projects /Department Project /DP Mini-Project /models/seed_42/best_model.keras
34/34 - 8s - 245ms/step - accuracy: 0.9710 - auc: 0.9961 - loss: 0.0834 - precision: 0.9377 - recall: 0.9810 - val_accuracy: 0.9738 - val_auc: 0.9978 - val_loss: 0.0614 - val_precision: 0.9620 - val_recall: 0.9620 - learning_rate: 1.0000e-05
Epoch 13/23

Epoch 13: val_auc did not improve from 0.99776
34/34 - 8s - 248ms/step - accuracy: 0.9738 - auc: 0.9959 - loss: 0.0745 - precision: 0.9497 - recall: 0.9755 - val_accuracy: 0.9651 - val_auc: 0.9976 - val_loss: 0.0646 - val_precision: 0.9383 - val_recall: 0.9620 - learning_rate: 1.0000e-05
Epoch 14/23

Epoch 14: val_auc did not improve from 0.99776
34/34 - 10s - 294ms/step - accuracy: 0.9747 - auc: 0.9961 - loss: 0.0707 - precision: 0.9475 - recall: 0.9810 - val_accuracy: 0.9694 - val_auc: 0.9976 - val_loss: 0.0674 - val_precision: 0.9500 - val_recall: 0.9620 - learning_rate: 1.0000e-05
Epoch 15/23

Epoch 15: ReduceLROnPlateau reducing learning rate to 4.999999873689376e-06.

Epoch 15: val_auc did not improve from 0.99776
34/34 - 16s - 478ms/step - accuracy: 0.9785 - auc: 0.9983 - loss: 0.0525 - precision: 0.9600 - recall: 0.9783 - val_accuracy: 0.9782 - val_auc: 0.9969 - val_loss: 0.0729 - val_precision: 0.9868 - val_recall: 0.9494 - learning_rate: 1.0000e-05
Epoch 16/23

Epoch 16: val_auc did not improve from 0.99776
34/34 - 13s - 394ms/step - accuracy: 0.9850 - auc: 0.9987 - loss: 0.0423 - precision: 0.9681 - recall: 0.9891 - val_accuracy: 0.9651 - val_auc: 0.9976 - val_loss: 0.0631 - val_precision: 0.9383 - val_recall: 0.9620 - learning_rate: 5.0000e-06
Epoch 17/23

Epoch 17: val_auc did not improve from 0.99776
34/34 - 14s - 401ms/step - accuracy: 0.9822 - auc: 0.9974 - loss: 0.0610 - precision: 0.9629 - recall: 0.9864 - val_accuracy: 0.9563 - val_auc: 0.9976 - val_loss: 0.0790 - val_precision: 0.9059 - val_recall: 0.9747 - learning_rate: 5.0000e-06
Epoch 17: early stopping
Restoring model weights from the end of the best epoch: 12.
2026-10-04 20:26:01.120025: W tensorflow/core/kernels/data/cache_dataset_ops.cc:858] The calling iterator did not fully read the dataset being cached. In order to avoid unexpected truncation of the dataset, the partially cached contents of the dataset  will be discarded. This can happen if you have an input pipeline similar to `dataset.cache().take(k).repeat()`. You should use `dataset.take(k).cache().repeat()` instead.
[model] Device check passed: GPU graph mode matches the CPU reference (max difference 2.5e-06 on 32 images)
[train] Reloaded models/seed_42/best_model.keras: validation AUC 0.9978 (matches)
[train] Saved models/seed_42/best_model.keras and the history, curves and logs in reports/seed_42/
[train] Validation AUC: 0.9962 without vs 0.9978 with fine-tuning (accuracies below use the default 0.5 threshold)

================ MODEL COMPARISON ================
Model                    Val loss   Val acc   Test acc
Without fine-tuning      0.2550     0.8821    0.8904
With fine-tuning         0.0614     0.9738    0.9649

Selected model: With fine-tuning
[config] Seed = 43  (python random, numpy, tensorflow)
[data] train: 1068 files belonging to 2 classes
[data] val: 229 files belonging to 2 classes
[data] test: 228 files belonging to 2 classes
[train] Class weights: no_flood (0) = 0.763, flood (1) = 1.451
[model] Device check passed: GPU graph mode matches the CPU reference (max difference 1.7e-06 on 32 images)

[model] 161 layers, 2,422,081 parameters, 164,097 trainable (the new head only); 'Conv_1' is reachable for Grad-CAM

=== Seed 43 - Variant A - frozen backbone: up to 15 epochs, LR 0.001 ===
Epoch 1/15

Epoch 1: val_auc improved from None to 0.99076, saving model to /Users/blackheart/Projects/Projects /Department Project /DP Mini-Project /models/seed_43/best_model.keras

Epoch 1: finished saving model to /Users/blackheart/Projects/Projects /Department Project /DP Mini-Project /models/seed_43/best_model.keras
34/34 - 18s - 516ms/step - accuracy: 0.8474 - auc: 0.9305 - loss: 0.3378 - precision: 0.7482 - recall: 0.8397 - val_accuracy: 0.8384 - val_auc: 0.9908 - val_loss: 0.3894 - val_precision: 0.6810 - val_recall: 1.0000 - learning_rate: 0.0010
Epoch 2/15

Epoch 2: val_auc did not improve from 0.99076
34/34 - 10s - 301ms/step - accuracy: 0.9260 - auc: 0.9793 - loss: 0.1833 - precision: 0.8677 - recall: 0.9266 - val_accuracy: 0.9301 - val_auc: 0.9903 - val_loss: 0.1720 - val_precision: 0.8539 - val_recall: 0.9620 - learning_rate: 0.0010
Epoch 3/15

Epoch 3: val_auc improved from 0.99076 to 0.99186, saving model to /Users/blackheart/Projects/Projects /Department Project /DP Mini-Project /models/seed_43/best_model.keras

Epoch 3: finished saving model to /Users/blackheart/Projects/Projects /Department Project /DP Mini-Project /models/seed_43/best_model.keras
34/34 - 11s - 317ms/step - accuracy: 0.9429 - auc: 0.9852 - loss: 0.1485 - precision: 0.8946 - recall: 0.9457 - val_accuracy: 0.9476 - val_auc: 0.9919 - val_loss: 0.1123 - val_precision: 0.9036 - val_recall: 0.9494 - learning_rate: 0.0010
Epoch 4/15

Epoch 4: val_auc improved from 0.99186 to 0.99249, saving model to /Users/blackheart/Projects/Projects /Department Project /DP Mini-Project /models/seed_43/best_model.keras

Epoch 4: finished saving model to /Users/blackheart/Projects/Projects /Department Project /DP Mini-Project /models/seed_43/best_model.keras
34/34 - 11s - 322ms/step - accuracy: 0.9560 - auc: 0.9886 - loss: 0.1337 - precision: 0.9126 - recall: 0.9647 - val_accuracy: 0.9520 - val_auc: 0.9925 - val_loss: 0.1065 - val_precision: 0.9250 - val_recall: 0.9367 - learning_rate: 0.0010
Epoch 5/15

Epoch 5: val_auc did not improve from 0.99249
34/34 - 9s - 277ms/step - accuracy: 0.9579 - auc: 0.9925 - loss: 0.1102 - precision: 0.9195 - recall: 0.9620 - val_accuracy: 0.9476 - val_auc: 0.9923 - val_loss: 0.1174 - val_precision: 0.9136 - val_recall: 0.9367 - learning_rate: 0.0010
Epoch 6/15

Epoch 6: val_auc improved from 0.99249 to 0.99430, saving model to /Users/blackheart/Projects/Projects /Department Project /DP Mini-Project /models/seed_43/best_model.keras

Epoch 6: finished saving model to /Users/blackheart/Projects/Projects /Department Project /DP Mini-Project /models/seed_43/best_model.keras
34/34 - 10s - 301ms/step - accuracy: 0.9522 - auc: 0.9909 - loss: 0.1199 - precision: 0.9160 - recall: 0.9484 - val_accuracy: 0.9607 - val_auc: 0.9943 - val_loss: 0.0905 - val_precision: 0.9487 - val_recall: 0.9367 - learning_rate: 0.0010
Epoch 7/15

Epoch 7: val_auc did not improve from 0.99430
34/34 - 8s - 249ms/step - accuracy: 0.9588 - auc: 0.9933 - loss: 0.1032 - precision: 0.9263 - recall: 0.9565 - val_accuracy: 0.9694 - val_auc: 0.9936 - val_loss: 0.0902 - val_precision: 0.9865 - val_recall: 0.9241 - learning_rate: 0.0010
Epoch 8/15

Epoch 8: val_auc did not improve from 0.99430
34/34 - 9s - 251ms/step - accuracy: 0.9588 - auc: 0.9934 - loss: 0.1001 - precision: 0.9241 - recall: 0.9592 - val_accuracy: 0.9694 - val_auc: 0.9936 - val_loss: 0.0990 - val_precision: 0.9865 - val_recall: 0.9241 - learning_rate: 0.0010
Epoch 9/15

Epoch 9: val_auc did not improve from 0.99430
34/34 - 8s - 249ms/step - accuracy: 0.9700 - auc: 0.9947 - loss: 0.0861 - precision: 0.9468 - recall: 0.9674 - val_accuracy: 0.9563 - val_auc: 0.9921 - val_loss: 0.1048 - val_precision: 0.9600 - val_recall: 0.9114 - learning_rate: 0.0010
Epoch 10/15

Epoch 10: val_auc improved from 0.99430 to 0.99532, saving model to /Users/blackheart/Projects/Projects /Department Project /DP Mini-Project /models/seed_43/best_model.keras

Epoch 10: finished saving model to /Users/blackheart/Projects/Projects /Department Project /DP Mini-Project /models/seed_43/best_model.keras
34/34 - 12s - 363ms/step - accuracy: 0.9607 - auc: 0.9931 - loss: 0.1018 - precision: 0.9289 - recall: 0.9592 - val_accuracy: 0.9607 - val_auc: 0.9953 - val_loss: 0.0857 - val_precision: 0.9268 - val_recall: 0.9620 - learning_rate: 0.0010
Epoch 11/15

Epoch 11: val_auc did not improve from 0.99532
34/34 - 8s - 248ms/step - accuracy: 0.9747 - auc: 0.9977 - loss: 0.0635 - precision: 0.9475 - recall: 0.9810 - val_accuracy: 0.9476 - val_auc: 0.9951 - val_loss: 0.1099 - val_precision: 0.8941 - val_recall: 0.9620 - learning_rate: 0.0010
Epoch 12/15

Epoch 12: val_auc did not improve from 0.99532
34/34 - 9s - 258ms/step - accuracy: 0.9682 - auc: 0.9929 - loss: 0.0952 - precision: 0.9304 - recall: 0.9810 - val_accuracy: 0.9694 - val_auc: 0.9947 - val_loss: 0.0808 - val_precision: 0.9865 - val_recall: 0.9241 - learning_rate: 0.0010
Epoch 13/15

Epoch 13: val_auc did not improve from 0.99532
34/34 - 8s - 247ms/step - accuracy: 0.9728 - auc: 0.9980 - loss: 0.0612 - precision: 0.9472 - recall: 0.9755 - val_accuracy: 0.9389 - val_auc: 0.9943 - val_loss: 0.1237 - val_precision: 0.8652 - val_recall: 0.9747 - learning_rate: 0.0010
Epoch 14/15

Epoch 14: val_auc did not improve from 0.99532
34/34 - 8s - 247ms/step - accuracy: 0.9738 - auc: 0.9968 - loss: 0.0674 - precision: 0.9474 - recall: 0.9783 - val_accuracy: 0.9607 - val_auc: 0.9940 - val_loss: 0.0933 - val_precision: 0.9375 - val_recall: 0.9494 - learning_rate: 0.0010
Epoch 15/15

Epoch 15: val_auc improved from 0.99532 to 0.99587, saving model to /Users/blackheart/Projects/Projects /Department Project /DP Mini-Project /models/seed_43/best_model.keras

Epoch 15: finished saving model to /Users/blackheart/Projects/Projects /Department Project /DP Mini-Project /models/seed_43/best_model.keras
34/34 - 10s - 284ms/step - accuracy: 0.9785 - auc: 0.9975 - loss: 0.0587 - precision: 0.9551 - recall: 0.9837 - val_accuracy: 0.9651 - val_auc: 0.9959 - val_loss: 0.0791 - val_precision: 0.9494 - val_recall: 0.9494 - learning_rate: 0.0010
Restoring model weights from the end of the best epoch: 15.

=== Seed 43 - Variant B - fine-tuning from 'block_13_expand': up to 15 more epochs, LR 1e-05 ===
[model] Unfroze 25 layers from 'block_13_expand' onward (13 of them hold weights); 13 BatchNorm layers kept frozen.
[model] Trainable parameters: 164,097 -> 1,827,457
Epoch 16/30

Epoch 16: val_auc improved from 0.99587 to 0.99675, saving model to /Users/blackheart/Projects/Projects /Department Project /DP Mini-Project /models/seed_43/best_model.keras

Epoch 16: finished saving model to /Users/blackheart/Projects/Projects /Department Project /DP Mini-Project /models/seed_43/best_model.keras
34/34 - 20s - 577ms/step - accuracy: 0.9719 - auc: 0.9972 - loss: 0.0669 - precision: 0.9471 - recall: 0.9728 - val_accuracy: 0.9651 - val_auc: 0.9968 - val_loss: 0.0713 - val_precision: 0.9610 - val_recall: 0.9367 - learning_rate: 1.0000e-05
Epoch 17/30

Epoch 17: val_auc improved from 0.99675 to 0.99759, saving model to /Users/blackheart/Projects/Projects /Department Project /DP Mini-Project /models/seed_43/best_model.keras

Epoch 17: finished saving model to /Users/blackheart/Projects/Projects /Department Project /DP Mini-Project /models/seed_43/best_model.keras
34/34 - 12s - 360ms/step - accuracy: 0.9803 - auc: 0.9974 - loss: 0.0612 - precision: 0.9602 - recall: 0.9837 - val_accuracy: 0.9738 - val_auc: 0.9976 - val_loss: 0.0629 - val_precision: 0.9506 - val_recall: 0.9747 - learning_rate: 1.0000e-05
Epoch 18/30

Epoch 18: val_auc improved from 0.99759 to 0.99814, saving model to /Users/blackheart/Projects/Projects /Department Project /DP Mini-Project /models/seed_43/best_model.keras

Epoch 18: finished saving model to /Users/blackheart/Projects/Projects /Department Project /DP Mini-Project /models/seed_43/best_model.keras
34/34 - 12s - 353ms/step - accuracy: 0.9775 - auc: 0.9981 - loss: 0.0543 - precision: 0.9599 - recall: 0.9755 - val_accuracy: 0.9694 - val_auc: 0.9981 - val_loss: 0.0671 - val_precision: 0.9390 - val_recall: 0.9747 - learning_rate: 1.0000e-05
Epoch 19/30

Epoch 19: val_auc improved from 0.99814 to 0.99916, saving model to /Users/blackheart/Projects/Projects /Department Project /DP Mini-Project /models/seed_43/best_model.keras

Epoch 19: finished saving model to /Users/blackheart/Projects/Projects /Department Project /DP Mini-Project /models/seed_43/best_model.keras
34/34 - 14s - 399ms/step - accuracy: 0.9757 - auc: 0.9980 - loss: 0.0598 - precision: 0.9500 - recall: 0.9810 - val_accuracy: 0.9694 - val_auc: 0.9992 - val_loss: 0.0725 - val_precision: 0.9286 - val_recall: 0.9873 - learning_rate: 1.0000e-05
Epoch 20/30

Epoch 20: val_auc did not improve from 0.99916
34/34 - 11s - 317ms/step - accuracy: 0.9869 - auc: 0.9982 - loss: 0.0430 - precision: 0.9707 - recall: 0.9918 - val_accuracy: 0.9825 - val_auc: 0.9984 - val_loss: 0.0483 - val_precision: 0.9747 - val_recall: 0.9747 - learning_rate: 1.0000e-05
Epoch 21/30

Epoch 21: val_auc did not improve from 0.99916
34/34 - 10s - 301ms/step - accuracy: 0.9822 - auc: 0.9990 - loss: 0.0430 - precision: 0.9653 - recall: 0.9837 - val_accuracy: 0.9782 - val_auc: 0.9973 - val_loss: 0.0680 - val_precision: 0.9868 - val_recall: 0.9494 - learning_rate: 1.0000e-05
Epoch 22/30

Epoch 22: val_auc did not improve from 0.99916
34/34 - 11s - 315ms/step - accuracy: 0.9888 - auc: 0.9994 - loss: 0.0324 - precision: 0.9811 - recall: 0.9864 - val_accuracy: 0.9782 - val_auc: 0.9975 - val_loss: 0.0575 - val_precision: 0.9744 - val_recall: 0.9620 - learning_rate: 1.0000e-05
Epoch 23/30

Epoch 23: ReduceLROnPlateau reducing learning rate to 4.999999873689376e-06.

Epoch 23: val_auc did not improve from 0.99916
34/34 - 11s - 322ms/step - accuracy: 0.9850 - auc: 0.9991 - loss: 0.0391 - precision: 0.9706 - recall: 0.9864 - val_accuracy: 0.9825 - val_auc: 0.9989 - val_loss: 0.0491 - val_precision: 0.9630 - val_recall: 0.9873 - learning_rate: 1.0000e-05
Epoch 24/30

Epoch 24: val_auc did not improve from 0.99916
34/34 - 10s - 299ms/step - accuracy: 0.9934 - auc: 0.9993 - loss: 0.0299 - precision: 0.9892 - recall: 0.9918 - val_accuracy: 0.9825 - val_auc: 0.9982 - val_loss: 0.0491 - val_precision: 0.9870 - val_recall: 0.9620 - learning_rate: 5.0000e-06
Epoch 24: early stopping
Restoring model weights from the end of the best epoch: 19.
2026-10-04 20:30:45.238817: W tensorflow/core/kernels/data/cache_dataset_ops.cc:858] The calling iterator did not fully read the dataset being cached. In order to avoid unexpected truncation of the dataset, the partially cached contents of the dataset  will be discarded. This can happen if you have an input pipeline similar to `dataset.cache().take(k).repeat()`. You should use `dataset.take(k).cache().repeat()` instead.
WARNING:tensorflow:5 out of the last 5 calls to <function check_device_consistency.<locals>.<lambda> at 0x15dc7e3e0> triggered tf.function retracing. Tracing is expensive and the excessive number of tracings could be due to (1) creating @tf.function repeatedly in a loop, (2) passing tensors with different shapes, (3) passing Python objects instead of tensors. For (1), please define your @tf.function outside of the loop. For (2), @tf.function has reduce_retracing=True option that can avoid unnecessary retracing. For (3), please refer to https://www.tensorflow.org/guide/function#controlling_retracing and https://www.tensorflow.org/api_docs/python/tf/function for  more details.
[model] Device check passed: GPU graph mode matches the CPU reference (max difference 3.6e-07 on 32 images)
[train] Reloaded models/seed_43/best_model.keras: validation AUC 0.9992 (matches)
[train] Saved models/seed_43/best_model.keras and the history, curves and logs in reports/seed_43/
[train] Validation AUC: 0.9959 without vs 0.9992 with fine-tuning (accuracies below use the default 0.5 threshold)

================ MODEL COMPARISON ================
Model                    Val loss   Val acc   Test acc
Without fine-tuning      0.0791     0.9651    0.9781
With fine-tuning         0.0725     0.9694    0.9605

Selected model: With fine-tuning
[config] Seed = 44  (python random, numpy, tensorflow)
[data] train: 1068 files belonging to 2 classes
[data] val: 229 files belonging to 2 classes
[data] test: 228 files belonging to 2 classes
[train] Class weights: no_flood (0) = 0.763, flood (1) = 1.451
[model] Device check passed: GPU graph mode matches the CPU reference (max difference 1.5e-06 on 32 images)

[model] 161 layers, 2,422,081 parameters, 164,097 trainable (the new head only); 'Conv_1' is reachable for Grad-CAM

=== Seed 44 - Variant A - frozen backbone: up to 15 epochs, LR 0.001 ===
Epoch 1/15

Epoch 1: val_auc improved from None to 0.98633, saving model to /Users/blackheart/Projects/Projects /Department Project /DP Mini-Project /models/seed_44/best_model.keras

Epoch 1: finished saving model to /Users/blackheart/Projects/Projects /Department Project /DP Mini-Project /models/seed_44/best_model.keras
34/34 - 15s - 439ms/step - accuracy: 0.8474 - auc: 0.9228 - loss: 0.3655 - precision: 0.7400 - recall: 0.8587 - val_accuracy: 0.9214 - val_auc: 0.9863 - val_loss: 0.1798 - val_precision: 0.8352 - val_recall: 0.9620 - learning_rate: 0.0010
Epoch 2/15

Epoch 2: val_auc improved from 0.98633 to 0.99304, saving model to /Users/blackheart/Projects/Projects /Department Project /DP Mini-Project /models/seed_44/best_model.keras

Epoch 2: finished saving model to /Users/blackheart/Projects/Projects /Department Project /DP Mini-Project /models/seed_44/best_model.keras
34/34 - 10s - 281ms/step - accuracy: 0.9401 - auc: 0.9855 - loss: 0.1537 - precision: 0.8938 - recall: 0.9375 - val_accuracy: 0.9214 - val_auc: 0.9930 - val_loss: 0.1526 - val_precision: 0.8280 - val_recall: 0.9747 - learning_rate: 0.0010
Epoch 3/15

Epoch 3: val_auc did not improve from 0.99304
34/34 - 9s - 255ms/step - accuracy: 0.9373 - auc: 0.9845 - loss: 0.1564 - precision: 0.8810 - recall: 0.9457 - val_accuracy: 0.9607 - val_auc: 0.9923 - val_loss: 0.1082 - val_precision: 0.9487 - val_recall: 0.9367 - learning_rate: 0.0010
Epoch 4/15

Epoch 4: val_auc improved from 0.99304 to 0.99473, saving model to /Users/blackheart/Projects/Projects /Department Project /DP Mini-Project /models/seed_44/best_model.keras

Epoch 4: finished saving model to /Users/blackheart/Projects/Projects /Department Project /DP Mini-Project /models/seed_44/best_model.keras
34/34 - 10s - 295ms/step - accuracy: 0.9476 - auc: 0.9847 - loss: 0.1532 - precision: 0.9041 - recall: 0.9484 - val_accuracy: 0.9694 - val_auc: 0.9947 - val_loss: 0.0938 - val_precision: 0.9737 - val_recall: 0.9367 - learning_rate: 0.0010
Epoch 5/15

Epoch 5: val_auc did not improve from 0.99473
34/34 - 9s - 263ms/step - accuracy: 0.9635 - auc: 0.9914 - loss: 0.1143 - precision: 0.9410 - recall: 0.9538 - val_accuracy: 0.9520 - val_auc: 0.9935 - val_loss: 0.1194 - val_precision: 0.8953 - val_recall: 0.9747 - learning_rate: 0.0010
Epoch 6/15

Epoch 6: val_auc improved from 0.99473 to 0.99574, saving model to /Users/blackheart/Projects/Projects /Department Project /DP Mini-Project /models/seed_44/best_model.keras

Epoch 6: finished saving model to /Users/blackheart/Projects/Projects /Department Project /DP Mini-Project /models/seed_44/best_model.keras
34/34 - 9s - 268ms/step - accuracy: 0.9504 - auc: 0.9897 - loss: 0.1243 - precision: 0.9070 - recall: 0.9538 - val_accuracy: 0.9432 - val_auc: 0.9957 - val_loss: 0.1264 - val_precision: 0.8667 - val_recall: 0.9873 - learning_rate: 0.0010
Epoch 7/15

Epoch 7: ReduceLROnPlateau reducing learning rate to 0.0005000000237487257.

Epoch 7: val_auc did not improve from 0.99574
34/34 - 8s - 235ms/step - accuracy: 0.9504 - auc: 0.9920 - loss: 0.1120 - precision: 0.9008 - recall: 0.9620 - val_accuracy: 0.9651 - val_auc: 0.9950 - val_loss: 0.1006 - val_precision: 0.9863 - val_recall: 0.9114 - learning_rate: 0.0010
Epoch 8/15

Epoch 8: val_auc improved from 0.99574 to 0.99595, saving model to /Users/blackheart/Projects/Projects /Department Project /DP Mini-Project /models/seed_44/best_model.keras

Epoch 8: finished saving model to /Users/blackheart/Projects/Projects /Department Project /DP Mini-Project /models/seed_44/best_model.keras
34/34 - 9s - 262ms/step - accuracy: 0.9588 - auc: 0.9915 - loss: 0.1137 - precision: 0.9263 - recall: 0.9565 - val_accuracy: 0.9651 - val_auc: 0.9959 - val_loss: 0.0896 - val_precision: 0.9176 - val_recall: 0.9873 - learning_rate: 5.0000e-04
Epoch 9/15

Epoch 9: val_auc did not improve from 0.99595
34/34 - 8s - 235ms/step - accuracy: 0.9719 - auc: 0.9952 - loss: 0.0826 - precision: 0.9519 - recall: 0.9674 - val_accuracy: 0.9607 - val_auc: 0.9955 - val_loss: 0.0911 - val_precision: 0.9167 - val_recall: 0.9747 - learning_rate: 5.0000e-04
Epoch 10/15

Epoch 10: val_auc did not improve from 0.99595
34/34 - 9s - 278ms/step - accuracy: 0.9738 - auc: 0.9944 - loss: 0.0841 - precision: 0.9474 - recall: 0.9783 - val_accuracy: 0.9476 - val_auc: 0.9948 - val_loss: 0.0984 - val_precision: 0.8941 - val_recall: 0.9620 - learning_rate: 5.0000e-04
Epoch 11/15

Epoch 11: ReduceLROnPlateau reducing learning rate to 0.0002500000118743628.

Epoch 11: val_auc did not improve from 0.99595
34/34 - 8s - 227ms/step - accuracy: 0.9700 - auc: 0.9952 - loss: 0.0815 - precision: 0.9468 - recall: 0.9674 - val_accuracy: 0.9651 - val_auc: 0.9959 - val_loss: 0.0916 - val_precision: 0.9176 - val_recall: 0.9873 - learning_rate: 5.0000e-04
Epoch 12/15

Epoch 12: val_auc improved from 0.99595 to 0.99650, saving model to /Users/blackheart/Projects/Projects /Department Project /DP Mini-Project /models/seed_44/best_model.keras

Epoch 12: finished saving model to /Users/blackheart/Projects/Projects /Department Project /DP Mini-Project /models/seed_44/best_model.keras
34/34 - 8s - 248ms/step - accuracy: 0.9654 - auc: 0.9955 - loss: 0.0848 - precision: 0.9344 - recall: 0.9674 - val_accuracy: 0.9694 - val_auc: 0.9965 - val_loss: 0.0791 - val_precision: 0.9390 - val_recall: 0.9747 - learning_rate: 2.5000e-04
Epoch 13/15

Epoch 13: val_auc improved from 0.99650 to 0.99667, saving model to /Users/blackheart/Projects/Projects /Department Project /DP Mini-Project /models/seed_44/best_model.keras

Epoch 13: finished saving model to /Users/blackheart/Projects/Projects /Department Project /DP Mini-Project /models/seed_44/best_model.keras
34/34 - 8s - 243ms/step - accuracy: 0.9757 - auc: 0.9973 - loss: 0.0633 - precision: 0.9430 - recall: 0.9891 - val_accuracy: 0.9694 - val_auc: 0.9967 - val_loss: 0.0736 - val_precision: 0.9500 - val_recall: 0.9620 - learning_rate: 2.5000e-04
Epoch 14/15

Epoch 14: val_auc improved from 0.99667 to 0.99768, saving model to /Users/blackheart/Projects/Projects /Department Project /DP Mini-Project /models/seed_44/best_model.keras

Epoch 14: finished saving model to /Users/blackheart/Projects/Projects /Department Project /DP Mini-Project /models/seed_44/best_model.keras
34/34 - 8s - 230ms/step - accuracy: 0.9738 - auc: 0.9954 - loss: 0.0788 - precision: 0.9497 - recall: 0.9755 - val_accuracy: 0.9694 - val_auc: 0.9977 - val_loss: 0.0785 - val_precision: 0.9390 - val_recall: 0.9747 - learning_rate: 2.5000e-04
Epoch 15/15

Epoch 15: val_auc did not improve from 0.99768
34/34 - 7s - 209ms/step - accuracy: 0.9710 - auc: 0.9965 - loss: 0.0727 - precision: 0.9469 - recall: 0.9701 - val_accuracy: 0.9738 - val_auc: 0.9973 - val_loss: 0.0725 - val_precision: 0.9506 - val_recall: 0.9747 - learning_rate: 2.5000e-04
Restoring model weights from the end of the best epoch: 14.

=== Seed 44 - Variant B - fine-tuning from 'block_13_expand': up to 15 more epochs, LR 1e-05 ===
[model] Unfroze 25 layers from 'block_13_expand' onward (13 of them hold weights); 13 BatchNorm layers kept frozen.
[model] Trainable parameters: 164,097 -> 1,827,457
Epoch 16/30

Epoch 16: val_auc did not improve from 0.99768
34/34 - 16s - 460ms/step - accuracy: 0.9757 - auc: 0.9955 - loss: 0.0781 - precision: 0.9572 - recall: 0.9728 - val_accuracy: 0.9782 - val_auc: 0.9976 - val_loss: 0.0646 - val_precision: 0.9744 - val_recall: 0.9620 - learning_rate: 1.0000e-05
Epoch 17/30

Epoch 17: val_auc did not improve from 0.99768
34/34 - 10s - 298ms/step - accuracy: 0.9785 - auc: 0.9975 - loss: 0.0630 - precision: 0.9551 - recall: 0.9837 - val_accuracy: 0.9694 - val_auc: 0.9967 - val_loss: 0.0704 - val_precision: 0.9500 - val_recall: 0.9620 - learning_rate: 1.0000e-05
Epoch 18/30

Epoch 18: val_auc did not improve from 0.99768
34/34 - 10s - 294ms/step - accuracy: 0.9813 - auc: 0.9981 - loss: 0.0526 - precision: 0.9628 - recall: 0.9837 - val_accuracy: 0.9694 - val_auc: 0.9964 - val_loss: 0.0690 - val_precision: 0.9615 - val_recall: 0.9494 - learning_rate: 1.0000e-05
Epoch 19/30

Epoch 19: ReduceLROnPlateau reducing learning rate to 4.999999873689376e-06.

Epoch 19: val_auc did not improve from 0.99768
34/34 - 10s - 304ms/step - accuracy: 0.9757 - auc: 0.9967 - loss: 0.0682 - precision: 0.9524 - recall: 0.9783 - val_accuracy: 0.9520 - val_auc: 0.9968 - val_loss: 0.0840 - val_precision: 0.8953 - val_recall: 0.9747 - learning_rate: 1.0000e-05
Epoch 20/30

Epoch 20: val_auc did not improve from 0.99768
34/34 - 10s - 299ms/step - accuracy: 0.9869 - auc: 0.9986 - loss: 0.0456 - precision: 0.9733 - recall: 0.9891 - val_accuracy: 0.9825 - val_auc: 0.9976 - val_loss: 0.0565 - val_precision: 1.0000 - val_recall: 0.9494 - learning_rate: 5.0000e-06
Epoch 21/30

Epoch 21: val_auc did not improve from 0.99768
34/34 - 11s - 320ms/step - accuracy: 0.9897 - auc: 0.9996 - loss: 0.0307 - precision: 0.9760 - recall: 0.9946 - val_accuracy: 0.9738 - val_auc: 0.9971 - val_loss: 0.0604 - val_precision: 0.9740 - val_recall: 0.9494 - learning_rate: 5.0000e-06
Epoch 21: early stopping
Restoring model weights from the end of the best epoch: 16.
WARNING:tensorflow:6 out of the last 6 calls to <function check_device_consistency.<locals>.<lambda> at 0x16877fba0> triggered tf.function retracing. Tracing is expensive and the excessive number of tracings could be due to (1) creating @tf.function repeatedly in a loop, (2) passing tensors with different shapes, (3) passing Python objects instead of tensors. For (1), please define your @tf.function outside of the loop. For (2), @tf.function has reduce_retracing=True option that can avoid unnecessary retracing. For (3), please refer to https://www.tensorflow.org/guide/function#controlling_retracing and https://www.tensorflow.org/api_docs/python/tf/function for  more details.
[model] Device check passed: GPU graph mode matches the CPU reference (max difference 1.6e-06 on 32 images)
[train] Reloaded models/seed_44/best_model.keras: validation AUC 0.9977 (matches)
[train] Saved models/seed_44/best_model.keras and the history, curves and logs in reports/seed_44/
[train] Validation AUC: 0.9977 without vs 0.9976 with fine-tuning (accuracies below use the default 0.5 threshold)

================ MODEL COMPARISON ================
Model                    Val loss   Val acc   Test acc
Without fine-tuning      0.0785     0.9694    0.9737
With fine-tuning         0.0646     0.9782    0.9693

Selected model: Without fine-tuning

================ MODEL COMPARISON (3 seeds, mean ± std) ================
Model                    Val loss            Val acc             Test acc
Without fine-tuning      0.1375 ± 0.1017     0.9389 ± 0.0492     0.9474 ± 0.0494
With fine-tuning         0.0662 ± 0.0057     0.9738 ± 0.0044     0.9649 ± 0.0044

Test set (threshold 0.5) Accuracy            AUC                 Precision           Recall
Without fine-tuning      0.9474 ± 0.0494     0.9894 ± 0.0004     0.8878 ± 0.1092     0.9829 ± 0.0074
With fine-tuning         0.9649 ± 0.0044     0.9934 ± 0.0028     0.9309 ± 0.0225     0.9701 ± 0.0148

Validation AUC: 0.9966 ± 0.0010 without vs 0.9982 ± 0.0009 with fine-tuning

Selected model: With fine-tuning
  deployed weights: seed 43 (its highest validation AUC, 0.9992) -> models/best_model.keras
